\BOOKMARK [0][]{chapter.1}{\376\377\000I\000N\000T\000R\000O\000D\000U\000C\000C\000I\000\323\000N}{}% 1
\BOOKMARK [1][]{section.1.1}{\376\377\000M\000o\000t\000i\000v\000a\000c\000i\000\363\000n}{chapter.1}% 2
\BOOKMARK [1][]{section.1.2}{\376\377\000O\000b\000j\000e\000t\000i\000v\000o\000s}{chapter.1}% 3
\BOOKMARK [0][]{chapter.2}{\376\377\000A\000N\000T\000E\000C\000E\000D\000E\000N\000T\000E\000S}{}% 4
\BOOKMARK [1][]{section.2.1}{\376\377\000O\000r\000\355\000g\000e\000n\000e\000s\000\040\000d\000e\000\040\000l\000a\000\040\000t\000e\000c\000n\000o\000l\000o\000g\000\355\000a\000\040\000U\000A\000V}{chapter.2}% 5
\BOOKMARK [1][]{section.2.2}{\376\377\000S\000e\000g\000u\000i\000m\000i\000e\000n\000t\000o\000\040\000d\000e\000\040\000o\000b\000j\000e\000t\000o\000s\000\040\000i\000n\000d\000i\000v\000i\000d\000u\000a\000l\000e\000s\000\040\000\050\000S\000O\000T\000\051}{chapter.2}% 6
\BOOKMARK [1][]{section.2.3}{\376\377\000C\000l\000a\000s\000i\000f\000i\000c\000a\000c\000i\000\363\000n\000\040\000d\000e\000\040\000m\000\351\000t\000o\000d\000o\000s\000\040\000S\000O\000T}{chapter.2}% 7
\BOOKMARK [2][]{subsection.2.3.1}{\376\377\000M\000\351\000t\000o\000d\000o\000s\000\040\000b\000a\000s\000a\000d\000o\000s\000\040\000e\000n\000\040\000c\000a\000r\000a\000c\000t\000e\000r\000\355\000s\000t\000i\000c\000a\000s}{section.2.3}% 8
\BOOKMARK [2][]{subsection.2.3.2}{\376\377\000M\000\351\000t\000o\000d\000o\000s\000\040\000b\000a\000s\000a\000d\000o\000s\000\040\000e\000n\000\040\000s\000e\000g\000m\000e\000n\000t\000a\000c\000i\000\363\000n}{section.2.3}% 9
\BOOKMARK [2][]{subsection.2.3.3}{\376\377\000M\000\351\000t\000o\000d\000o\000s\000\040\000b\000a\000s\000a\000d\000o\000s\000\040\000e\000n\000\040\000e\000s\000t\000i\000m\000a\000c\000i\000\363\000n}{section.2.3}% 10
\BOOKMARK [2][]{subsection.2.3.4}{\376\377\000M\000\351\000t\000o\000d\000o\000s\000\040\000b\000a\000s\000a\000d\000o\000s\000\040\000e\000n\000\040\000a\000p\000r\000e\000n\000d\000i\000z\000a\000j\000e\000\040\000a\000u\000t\000o\000m\000\341\000t\000i\000c\000o}{section.2.3}% 11
\BOOKMARK [3][]{subsubsection.2.3.4.1}{\376\377\000M\000\351\000t\000o\000d\000o\000s\000\040\000g\000e\000n\000e\000r\000a\000t\000i\000v\000o\000s}{subsection.2.3.4}% 12
\BOOKMARK [3][]{subsubsection.2.3.4.2}{\376\377\000M\000\351\000t\000o\000d\000o\000s\000\040\000d\000e\000\040\000a\000p\000r\000e\000n\000d\000i\000z\000a\000j\000e\000\040\000r\000e\000f\000o\000r\000z\000a\000d\000o}{subsection.2.3.4}% 13
\BOOKMARK [3][]{subsubsection.2.3.4.3}{\376\377\000M\000\351\000t\000o\000d\000o\000s\000\040\000d\000i\000s\000c\000r\000i\000m\000i\000n\000a\000t\000i\000v\000o\000s}{subsection.2.3.4}% 14
\BOOKMARK [1][]{section.2.4}{\376\377\000I\000m\000\341\000g\000e\000n\000e\000s\000\040\000t\000\351\000r\000m\000i\000c\000a\000s\000\040\000e\000n\000\040\000e\000l\000\040\000e\000s\000p\000e\000c\000t\000r\000o\000\040\000i\000n\000f\000r\000a\000r\000r\000o\000j\000o}{chapter.2}% 15
\BOOKMARK [1][]{section.2.5}{\376\377\000C\000o\000n\000j\000u\000n\000t\000o\000s\000\040\000d\000e\000\040\000d\000a\000t\000o\000s}{chapter.2}% 16
\BOOKMARK [2][]{subsection.2.5.1}{\376\377\000O\000T\000B}{section.2.5}% 17
\BOOKMARK [3][]{subsubsection.2.5.1.1}{\376\377\000O\000T\000B\0005\0000}{subsection.2.5.1}% 18
\BOOKMARK [3][]{subsubsection.2.5.1.2}{\376\377\000O\000T\000B\0001\0000\0000}{subsection.2.5.1}% 19
\BOOKMARK [2][]{subsection.2.5.2}{\376\377\000V\000O\000T}{section.2.5}% 20
\BOOKMARK [2][]{subsection.2.5.3}{\376\377\000A\000L\000O\000V\0003\0000\0000\000+\000+}{section.2.5}% 21
\BOOKMARK [2][]{subsection.2.5.4}{\376\377\000T\000e\000m\000p\000l\000e\000C\000o\000l\000o\000r\0001\0002\0008}{section.2.5}% 22
\BOOKMARK [2][]{subsection.2.5.5}{\376\377\000N\000U\000S\000-\000P\000R\000O}{section.2.5}% 23
\BOOKMARK [2][]{subsection.2.5.6}{\376\377\000D\000T\000B\0007\0000}{section.2.5}% 24
\BOOKMARK [2][]{subsection.2.5.7}{\376\377\000N\000F\000S}{section.2.5}% 25
\BOOKMARK [2][]{subsection.2.5.8}{\376\377\000O\000x\000U\000v\000A}{section.2.5}% 26
\BOOKMARK [2][]{subsection.2.5.9}{\376\377\000T\000r\000a\000c\000k\000i\000n\000g\000N\000e\000t}{section.2.5}% 27
\BOOKMARK [2][]{subsection.2.5.10}{\376\377\000U\000A\000V\0001\0002\0003}{section.2.5}% 28
\BOOKMARK [2][]{subsection.2.5.11}{\376\377\000G\000O\000T\000-\0001\0000\000k}{section.2.5}% 29
\BOOKMARK [2][]{subsection.2.5.12}{\376\377\000L\000a\000S\000O\000T}{section.2.5}% 30
\BOOKMARK [2][]{subsection.2.5.13}{\376\377\000Y\000o\000u\000T\000u\000b\000e\000-\000B\000o\000u\000n\000d\000i\000n\000g\000B\000o\000x\000e\000s}{section.2.5}% 31
\BOOKMARK [2][]{subsection.2.5.14}{\376\377\000D\000a\000t\000a\000s\000e\000t\000s\000\040\000T\000\351\000r\000m\000i\000c\000o\000s}{section.2.5}% 32
\BOOKMARK [3][]{subsubsection.2.5.14.1}{\376\377\000A\000n\000t\000i\000-\000U\000A\000V\0004\0001\0000}{subsection.2.5.14}% 33
\BOOKMARK [3][]{subsubsection.2.5.14.2}{\376\377\000C\000S\000T\000\040\000A\000n\000t\000i\000-\000U\000A\000V}{subsection.2.5.14}% 34
\BOOKMARK [1][]{section.2.6}{\376\377\000M\000\351\000t\000r\000i\000c\000a\000s\000\040\000d\000e\000\040\000e\000v\000a\000l\000u\000a\000c\000i\000\363\000n}{chapter.2}% 35
\BOOKMARK [2][]{subsection.2.6.1}{\376\377\000E\000r\000r\000o\000r\000\040\000d\000e\000\040\000c\000e\000n\000t\000r\000o}{section.2.6}% 36
\BOOKMARK [2][]{subsection.2.6.2}{\376\377\000S\000u\000p\000e\000r\000p\000o\000s\000i\000c\000i\000\363\000n\000\040\000d\000e\000\040\000r\000e\000g\000i\000o\000n\000e\000s}{section.2.6}% 37
\BOOKMARK [3][]{subsubsection.2.6.2.1}{\376\377\000C\000u\000r\000v\000a\000s\000\040\000d\000e\000\040\000r\000e\000n\000d\000i\000m\000i\000e\000n\000t\000o}{subsection.2.6.2}% 38
\BOOKMARK [3][]{subsubsection.2.6.2.2}{\376\377\000E\000v\000a\000l\000u\000a\000c\000i\000\363\000n\000\040\000d\000e\000\040\000r\000o\000b\000u\000s\000t\000e\000z}{subsection.2.6.2}% 39
\BOOKMARK [0][]{chapter.3}{\376\377\000M\000A\000T\000E\000R\000I\000A\000L\000E\000S\000\040\000Y\000\040\000M\000\311\000T\000O\000D\000O\000S}{}% 40
\BOOKMARK [1][]{section.3.1}{}{chapter.3}% 41
\BOOKMARK [0][]{chapter.4}{\376\377\000R\000E\000S\000U\000L\000T\000A\000D\000O\000S}{}% 42
\BOOKMARK [0][]{chapter.5}{\376\377\000C\000O\000N\000C\000L\000U\000S\000I\000O\000N\000E\000S}{}% 43
\BOOKMARK [0][]{section*.53}{\376\377\000B\000i\000b\000l\000i\000o\000g\000r\000a\000f\000\355\000a}{}% 44
